Archive member included to satisfy reference by file (symbol)

/home/pedro/fsl-arm-yocto-bsp/build/tmp/sysroots/imx6dqscm-1gb-qwks-rev3/usr/lib/arm-poky-linux-gnueabi/5.3.0/libgcc.a(_udivsi3.o)
                              arch/arm/cpu/armv7/built-in.o (__aeabi_uidiv)
/home/pedro/fsl-arm-yocto-bsp/build/tmp/sysroots/imx6dqscm-1gb-qwks-rev3/usr/lib/arm-poky-linux-gnueabi/5.3.0/libgcc.a(_divsi3.o)
                              cmd/built-in.o (__aeabi_idiv)
/home/pedro/fsl-arm-yocto-bsp/build/tmp/sysroots/imx6dqscm-1gb-qwks-rev3/usr/lib/arm-poky-linux-gnueabi/5.3.0/libgcc.a(_lshrdi3.o)
                              fs/built-in.o (__aeabi_llsr)
/home/pedro/fsl-arm-yocto-bsp/build/tmp/sysroots/imx6dqscm-1gb-qwks-rev3/usr/lib/arm-poky-linux-gnueabi/5.3.0/libgcc.a(_ashldi3.o)
                              drivers/mmc/built-in.o (__aeabi_llsl)
/home/pedro/fsl-arm-yocto-bsp/build/tmp/sysroots/imx6dqscm-1gb-qwks-rev3/usr/lib/arm-poky-linux-gnueabi/5.3.0/libgcc.a(_dvmd_lnx.o)
                              /home/pedro/fsl-arm-yocto-bsp/build/tmp/sysroots/imx6dqscm-1gb-qwks-rev3/usr/lib/arm-poky-linux-gnueabi/5.3.0/libgcc.a(_udivsi3.o) (__aeabi_idiv0)

Discarded input sections

 .data          0x0000000000000000        0x0 arch/arm/cpu/armv7/start.o
 .bss           0x0000000000000000        0x0 arch/arm/cpu/armv7/start.o
 .text.v7_outer_cache_enable
                0x0000000000000000        0x4 arch/arm/cpu/armv7/built-in.o
 .text.v7_outer_cache_disable
                0x0000000000000000        0x4 arch/arm/cpu/armv7/built-in.o
 .text.v7_outer_cache_flush_all
                0x0000000000000000        0x4 arch/arm/cpu/armv7/built-in.o
 .text.v7_outer_cache_inval_all
                0x0000000000000000        0x4 arch/arm/cpu/armv7/built-in.o
 .text.v7_outer_cache_flush_range
                0x0000000000000000        0x4 arch/arm/cpu/armv7/built-in.o
 .text.v7_outer_cache_inval_range
                0x0000000000000000        0x4 arch/arm/cpu/armv7/built-in.o
 .text.v7_arch_cp15_set_l2aux_ctrl
                0x0000000000000000        0x8 arch/arm/cpu/armv7/built-in.o
 .text.v7_arch_cp15_set_acr
                0x0000000000000000        0x8 arch/arm/cpu/armv7/built-in.o
 .text.sdelay   0x0000000000000000        0xc arch/arm/cpu/armv7/built-in.o
 .text.wait_on_value
                0x0000000000000000       0x34 arch/arm/cpu/armv7/built-in.o
 .text.board_mmc_get_env_dev
                0x0000000000000000        0x8 arch/arm/cpu/armv7/built-in.o
 .text.get_boot_device
                0x0000000000000000       0x9c arch/arm/cpu/armv7/built-in.o
 .text.set_arm_freq_400M
                0x0000000000000000       0x2c arch/arm/cpu/armv7/built-in.o
 .text.enable_enet_clk
                0x0000000000000000       0x64 arch/arm/cpu/armv7/built-in.o
 .text.enable_uart_clk
                0x0000000000000000       0x54 arch/arm/cpu/armv7/built-in.o
 .text.enable_usdhc_clk
                0x0000000000000000       0x4c arch/arm/cpu/armv7/built-in.o
 .text.enable_spi_clk
                0x0000000000000000       0x44 arch/arm/cpu/armv7/built-in.o
 .text.enable_fec_anatop_clock
                0x0000000000000000       0xf4 arch/arm/cpu/armv7/built-in.o
 .data          0x0000000000000000        0x0 arch/arm/cpu/armv7/built-in.o
 .bss           0x0000000000000000        0x0 arch/arm/cpu/armv7/built-in.o
 .text          0x0000000000000000        0x0 arch/arm/imx-common/built-in.o
 .text.get_imx_reset_cause
                0x0000000000000000       0x10 arch/arm/imx-common/built-in.o
 .text.set_chipselect_size
                0x0000000000000000       0x84 arch/arm/imx-common/built-in.o
 .text.mxs_wait_mask_set
                0x0000000000000000       0x3c arch/arm/imx-common/built-in.o
 .text.mxs_wait_mask_clr
                0x0000000000000000       0x3c arch/arm/imx-common/built-in.o
 .text.mxs_reset_block
                0x0000000000000000       0x90 arch/arm/imx-common/built-in.o
 .text.detect_hdmi
                0x0000000000000000       0x18 arch/arm/imx-common/built-in.o
 .data          0x0000000000000000        0x0 arch/arm/imx-common/built-in.o
 .bss           0x0000000000000000        0x0 arch/arm/imx-common/built-in.o
 .text.reset_misc
                0x0000000000000000        0x4 arch/arm/lib/built-in.o
 .text.enable_caches
                0x0000000000000000        0xc arch/arm/lib/built-in.o
 .text.invalidate_dcache_range
                0x0000000000000000        0x4 arch/arm/lib/built-in.o
 .text.flush_dcache_range
                0x0000000000000000        0x4 arch/arm/lib/built-in.o
 .text.flush_dcache_all
                0x0000000000000000        0xc arch/arm/lib/built-in.o
 .text.arm_init_before_mmu
                0x0000000000000000        0x4 arch/arm/lib/built-in.o
 .text.mmu_page_table_flush
                0x0000000000000000        0x4 arch/arm/lib/built-in.o
 .rodata.pl310  0x0000000000000000        0x4 arch/arm/lib/built-in.o
 .data          0x0000000000000000        0x0 arch/arm/lib/built-in.o
 .__secure_start
[...]
Memory Configuration

Name             Origin             Length             Attributes
*default*        0x0000000000000000 0xffffffffffffffff

Linker script and memory map

Address of section .text set to 0x17800000
                0x0000000000000000                . = 0x0
                0x0000000000000000                . = ALIGN (0x4)

.text           0x0000000017800000    0x48c64
 *(.__image_copy_start)
 .__image_copy_start
                0x0000000017800000        0x0 arch/arm/lib/built-in.o
                0x0000000017800000                __image_copy_start
 *(.vectors)
 .vectors       0x0000000017800000      0x2e8 arch/arm/lib/built-in.o
                0x0000000017800000                _start
                0x0000000017800020                _undefined_instruction
                0x0000000017800024                _software_interrupt
                0x0000000017800028                _prefetch_abort
                0x000000001780002c                _data_abort
                0x0000000017800030                _not_used
                0x0000000017800034                _irq
                0x0000000017800038                _fiq
                0x0000000017800040                IRQ_STACK_START_IN
 arch/arm/cpu/armv7/start.o(.text*)
 .text          0x00000000178002e8       0xec arch/arm/cpu/armv7/start.o
                0x00000000178002e8                reset
                0x00000000178002ec                save_boot_params_ret
                0x0000000017800328                c_runtime_cpu_setup
                0x0000000017800338                save_boot_params
                0x000000001780033c                cpu_init_cp15
                0x00000000178003cc                cpu_init_crit
 *(.text*)
 .text          0x00000000178003d4       0x24 arch/arm/cpu/armv7/built-in.o
                0x00000000178003d4                lowlevel_init
 .text.v7_maint_dcache_all
                0x00000000178003f8       0xd0 arch/arm/cpu/armv7/built-in.o
 .text.invalidate_icache_all
                0x00000000178004c8       0x18 arch/arm/cpu/armv7/built-in.o
                0x00000000178004c8                invalidate_icache_all
 .text.flush_dcache_all
                0x00000000178004e0       0x14 arch/arm/cpu/armv7/built-in.o
                0x00000000178004e0                flush_dcache_all
 .text.invalidate_dcache_all
                0x00000000178004f4       0x14 arch/arm/cpu/armv7/built-in.o
                0x00000000178004f4                invalidate_dcache_all
 .text.arm_init_before_mmu
                0x0000000017800508       0x28 arch/arm/cpu/armv7/built-in.o
                0x0000000017800508                arm_init_before_mmu
 .text.flush_dcache_range
                0x0000000017800530       0x38 arch/arm/cpu/armv7/built-in.o
                0x0000000017800530                flush_dcache_range
 .text.mmu_page_table_flush
                0x0000000017800568       0x24 arch/arm/cpu/armv7/built-in.o
                0x0000000017800568                mmu_page_table_flush
 .text.invalidate_dcache_range
                0x000000001780058c       0xa8 arch/arm/cpu/armv7/built-in.o
                0x000000001780058c                invalidate_dcache_range
 .text.cpu_cache_initialization
                0x0000000017800634        0x4 arch/arm/cpu/armv7/built-in.o
                0x0000000017800634                cpu_cache_initialization
 .text.cleanup_before_linux_select
                0x0000000017800638       0x4c arch/arm/cpu/armv7/built-in.o
                0x0000000017800638                cleanup_before_linux_select
 .text.cleanup_before_linux
                0x0000000017800684        0x8 arch/arm/cpu/armv7/built-in.o
                0x0000000017800684                cleanup_before_linux
 .text.set_ldo_voltage
                0x000000001780068c       0xb8 arch/arm/cpu/armv7/built-in.o
 .text.get_nr_cpus
                0x0000000017800744       0x10 arch/arm/cpu/armv7/built-in.o
                0x0000000017800744                get_nr_cpus
 .text.get_cpu_rev
                0x0000000017800754       0x90 arch/arm/cpu/armv7/built-in.o
                0x0000000017800754                get_cpu_rev
 .text.get_cpu_speed_grade_hz
                0x00000000178007e4      0x128 arch/arm/cpu/armv7/built-in.o
                0x00000000178007e4                get_cpu_speed_grade_hz
 .text.get_cpu_temp_grade
                0x000000001780090c       0x68 arch/arm/cpu/armv7/built-in.o
                0x000000001780090c                get_cpu_temp_grade
 .text.get_board_rev
                0x0000000017800974       0x40 arch/arm/cpu/armv7/built-in.o
                0x0000000017800974                get_board_rev
 .text.arch_cpu_init
                0x00000000178009b4      0x328 arch/arm/cpu/armv7/built-in.o
                0x00000000178009b4                arch_cpu_init
 .text.mmc_get_env_dev
                0x0000000017800cdc       0x28 arch/arm/cpu/armv7/built-in.o
                0x0000000017800cdc                mmc_get_env_dev
 .text.board_mmc_get_env_part
                0x0000000017800d04        0x8 arch/arm/cpu/armv7/built-in.o
                0x0000000017800d04                board_mmc_get_env_part
 .text.mmc_get_env_part
                0x0000000017800d0c       0x28 arch/arm/cpu/armv7/built-in.o
                0x0000000017800d0c                mmc_get_env_part
 .text.board_postclk_init
                0x0000000017800d34       0x18 arch/arm/cpu/armv7/built-in.o
                0x0000000017800d34                board_postclk_init
 .text.imx_get_mac_from_fuse
                0x0000000017800d4c       0xb8 arch/arm/cpu/armv7/built-in.o
                0x0000000017800d4c                imx_get_mac_from_fuse
 .text.set_wdog_reset
                0x0000000017800e04       0x18 arch/arm/cpu/armv7/built-in.o
                0x0000000017800e04                set_wdog_reset
 .text.reset_misc
                0x0000000017800e1c        0x4 arch/arm/cpu/armv7/built-in.o
                0x0000000017800e1c                reset_misc
 .text.s_init   0x0000000017800e20       0x98 arch/arm/cpu/armv7/built-in.o
                0x0000000017800e20                s_init
 .text.imx_enable_hdmi_phy
                0x0000000017800eb8       0x4c arch/arm/cpu/armv7/built-in.o
                0x0000000017800eb8                imx_enable_hdmi_phy
 .text.imx_setup_hdmi
                0x0000000017800f04       0x78 arch/arm/cpu/armv7/built-in.o
                0x0000000017800f04                imx_setup_hdmi
 .text.check_ldo_bypass
                0x0000000017800f7c       0x78 arch/arm/cpu/armv7/built-in.o
                0x0000000017800f7c                check_ldo_bypass
 .text.check_1_2G
                0x0000000017800ff4       0x5c arch/arm/cpu/armv7/built-in.o
                0x0000000017800ff4                check_1_2G
 .text.prep_anatop_bypass
                0x0000000017801050       0x60 arch/arm/cpu/armv7/built-in.o
                0x0000000017801050                prep_anatop_bypass
 .text.set_anatop_bypass
                0x00000000178010b0       0x50 arch/arm/cpu/armv7/built-in.o
                0x00000000178010b0                set_anatop_bypass
 .text.finish_anatop_bypass
                0x0000000017801100       0x24 arch/arm/cpu/armv7/built-in.o
                0x0000000017801100                finish_anatop_bypass
 .text.get_ipg_clk
                0x0000000017801124       0x28 arch/arm/cpu/armv7/built-in.o
 .text.get_uart_clk
                0x000000001780114c       0xc8 arch/arm/cpu/armv7/built-in.o
 .text.mxc_get_pll_pfd
                0x0000000017801214       0xd4 arch/arm/cpu/armv7/built-in.o
 .text.get_usdhc_clk
                0x00000000178012e8       0x8c arch/arm/cpu/armv7/built-in.o
 .text.enable_ocotp_clk
                0x0000000017801374       0x24 arch/arm/cpu/armv7/built-in.o
                0x0000000017801374                enable_ocotp_clk
 .text.enable_usboh3_clk
                0x0000000017801398       0x24 arch/arm/cpu/armv7/built-in.o
                0x0000000017801398                enable_usboh3_clk
 .text.enable_i2c_clk
                0x00000000178013bc       0xb8 arch/arm/cpu/armv7/built-in.o
                0x00000000178013bc                enable_i2c_clk
 .text.get_periph_clk
                0x0000000017801474       0xdc arch/arm/cpu/armv7/built-in.o
                0x0000000017801474                get_periph_clk
 .text.get_axi_clk
                0x0000000017801550       0x4c arch/arm/cpu/armv7/built-in.o
 .text.imx_get_uartclk
                0x000000001780159c        0x4 arch/arm/cpu/armv7/built-in.o
                0x000000001780159c                imx_get_uartclk
 .text.enable_thermal_clk
                0x00000000178015a0       0x48 arch/arm/cpu/armv7/built-in.o
                0x00000000178015a0                enable_thermal_clk
 .text.mxc_get_clock
                0x00000000178015e8      0x470 arch/arm/cpu/armv7/built-in.o
                0x00000000178015e8                mxc_get_clock
 .text.imx_get_fecclk
                0x0000000017801a58        0x8 arch/arm/cpu/armv7/built-in.o
                0x0000000017801a58                imx_get_fecclk
 .text.do_mx6_showclocks
                0x0000000017801a60      0x24c arch/arm/cpu/armv7/built-in.o
                0x0000000017801a60                do_mx6_showclocks
 .text.enable_ipu_clock
                0x0000000017801cac       0x90 arch/arm/cpu/armv7/built-in.o
                0x0000000017801cac                enable_ipu_clock
 .text.cpu_reset
                0x0000000017801d3c       0x28 arch/arm/cpu/armv7/built-in.o
                0x0000000017801d3c                cpu_reset
 .text.cpu_status
                0x0000000017801d64       0x40 arch/arm/cpu/armv7/built-in.o
                0x0000000017801d64                cpu_status
 .text.cpu_release
                0x0000000017801da4       0x84 arch/arm/cpu/armv7/built-in.o
                0x0000000017801da4                cpu_release
 .text.is_core_valid
                0x0000000017801e28       0x1c arch/arm/cpu/armv7/built-in.o
                0x0000000017801e28                is_core_valid
 .text.cpu_disable
                0x0000000017801e44       0x28 arch/arm/cpu/armv7/built-in.o
                0x0000000017801e44                cpu_disable
 .text.imx_iomux_v3_setup_pad
                0x0000000017801e6c       0xf0 arch/arm/imx-common/built-in.o
                0x0000000017801e6c                imx_iomux_v3_setup_pad
 .text.imx_iomux_v3_setup_multiple_pads
                0x0000000017801f5c       0x2c arch/arm/imx-common/built-in.o
                0x0000000017801f5c                imx_iomux_v3_setup_multiple_pads
 .text.imx_iomux_set_gpr_register
                0x0000000017801f88       0x3c arch/arm/imx-common/built-in.o
                0x0000000017801f88                imx_iomux_set_gpr_register
 .text.imx_ddr_size
                0x0000000017801fc4       0x64 arch/arm/imx-common/built-in.o
                0x0000000017801fc4                imx_ddr_size
 .text.get_imx_type
                0x0000000017802028       0x20 arch/arm/imx-common/built-in.o
                0x0000000017802028                get_imx_type
 .text.print_cpuinfo
                0x0000000017802048      0x228 arch/arm/imx-common/built-in.o
                0x0000000017802048                print_cpuinfo
 .text.cpu_eth_init
                0x0000000017802270        0x4 arch/arm/imx-common/built-in.o
                0x0000000017802270                cpu_eth_init
 .text.cpu_mmc_init
                0x0000000017802274        0x4 arch/arm/imx-common/built-in.o
                0x0000000017802274                cpu_mmc_init
 .text.get_ahb_clk
                0x0000000017802278       0x24 arch/arm/imx-common/built-in.o
                0x0000000017802278                get_ahb_clk
 .text.arch_preboot_os
                0x000000001780229c       0x14 arch/arm/imx-common/built-in.o
                0x000000001780229c                arch_preboot_os
 .text.get_clocks
                0x00000000178022b0       0x1c arch/arm/imx-common/built-in.o
                0x00000000178022b0                get_clocks
 .text.force_idle_bus
                0x00000000178022cc      0x1c4 arch/arm/imx-common/built-in.o
                0x00000000178022cc                force_idle_bus
 .text.setup_i2c
                0x0000000017802490       0xe4 arch/arm/imx-common/built-in.o
                0x0000000017802490                setup_i2c
 .text.enable_caches
                0x0000000017802574       0x34 arch/arm/imx-common/built-in.o
                0x0000000017802574                enable_caches
 .text.v7_outer_cache_enable
                0x00000000178025a8       0x74 arch/arm/imx-common/built-in.o
                0x00000000178025a8                v7_outer_cache_enable
 .text.v7_outer_cache_disable
                0x000000001780261c       0x18 arch/arm/imx-common/built-in.o
                0x000000001780261c                v7_outer_cache_disable
 .text.init_aips
                0x0000000017802634       0xc0 arch/arm/imx-common/built-in.o
                0x0000000017802634                init_aips
 .text.imx_set_wdog_powerdown
                0x00000000178026f4       0xa0 arch/arm/imx-common/built-in.o
                0x00000000178026f4                imx_set_wdog_powerdown
 .text.init_src
                0x0000000017802794       0x18 arch/arm/imx-common/built-in.o
                0x0000000017802794                init_src
 .text.boot_mode_apply
                0x00000000178027ac       0x24 arch/arm/imx-common/built-in.o
                0x00000000178027ac                boot_mode_apply
 .text.board_video_skip
                0x00000000178027d0      0x16c arch/arm/imx-common/built-in.o
                0x00000000178027d0                board_video_skip
 .text.timer_init
                0x000000001780293c      0x178 arch/arm/imx-common/built-in.o
                0x000000001780293c                timer_init
 .text.timer_read_counter
                0x0000000017802ab4       0x10 arch/arm/imx-common/built-in.o
                0x0000000017802ab4                timer_read_counter
 .text.get_tbclk
                0x0000000017802ac4       0xc0 arch/arm/imx-common/built-in.o
                0x0000000017802ac4                get_tbclk
 .text.create_usage
                0x0000000017802b84       0xac arch/arm/imx-common/built-in.o
 .text.do_boot_mode
                0x0000000017802c30       0xd4 arch/arm/imx-common/built-in.o
 .text.add_board_boot_modes
                0x0000000017802d04       0x60 arch/arm/imx-common/built-in.o
                0x0000000017802d04                add_board_boot_modes
 .text          0x0000000017802d64       0x90 arch/arm/lib/built-in.o
                0x0000000017802d64                _main
 .text.relocate_vectors
                0x0000000017802df4       0x70 arch/arm/lib/built-in.o
                0x0000000017802df4                relocate_vectors
                0x0000000017802e00                relocate_code
 .text.arch_fixup_fdt
                0x0000000017802e64       0x54 arch/arm/lib/built-in.o
                0x0000000017802e64                arch_fixup_fdt
 .text.boot_jump_linux
                0x0000000017802eb8       0xc4 arch/arm/lib/built-in.o
 .text.arch_lmb_reserve
                0x0000000017802f7c       0x24 arch/arm/lib/built-in.o
                0x0000000017802f7c                arch_lmb_reserve
 .text.setup_board_tags
                0x0000000017802fa0        0x4 arch/arm/lib/built-in.o
                0x0000000017802fa0                setup_board_tags
 .text.boot_prep_linux
                0x0000000017802fa4      0x1ec arch/arm/lib/built-in.o
 .text.do_bootm_linux
                0x0000000017803190       0x64 arch/arm/lib/built-in.o
                0x0000000017803190                do_bootm_linux
 .text.bootz_setup
                0x00000000178031f4       0x58 arch/arm/lib/built-in.o
                0x00000000178031f4                bootz_setup
 .text.boot_prep_vxworks
                0x000000001780324c       0x50 arch/arm/lib/built-in.o
                0x000000001780324c                boot_prep_vxworks
 .text.boot_jump_vxworks
                0x000000001780329c        0xc arch/arm/lib/built-in.o
                0x000000001780329c                boot_jump_vxworks
 .text.pl310_background_op_all_ways
                0x00000000178032a8       0x38 arch/arm/lib/built-in.o
 .text.v7_outer_cache_inval_all
                0x00000000178032e0        0xc arch/arm/lib/built-in.o
                0x00000000178032e0                v7_outer_cache_inval_all
 .text.v7_outer_cache_flush_all
                0x00000000178032ec        0xc arch/arm/lib/built-in.o
                0x00000000178032ec                v7_outer_cache_flush_all
 .text.v7_outer_cache_flush_range
                0x00000000178032f8       0x30 arch/arm/lib/built-in.o
                0x00000000178032f8                v7_outer_cache_flush_range
 .text.v7_outer_cache_inval_range
                0x0000000017803328       0x80 arch/arm/lib/built-in.o
                0x0000000017803328                v7_outer_cache_inval_range
 .text.arch_reserve_stacks
                0x00000000178033a8       0x1c arch/arm/lib/built-in.o
                0x00000000178033a8                arch_reserve_stacks
 .text.interrupt_init
                0x00000000178033c4       0x1c arch/arm/lib/built-in.o
                0x00000000178033c4                interrupt_init
 .text.enable_interrupts
                0x00000000178033e0        0x4 arch/arm/lib/built-in.o
                0x00000000178033e0                enable_interrupts
 .text.disable_interrupts
                0x00000000178033e4        0x8 arch/arm/lib/built-in.o
                0x00000000178033e4                disable_interrupts
 .text.bad_mode
                0x00000000178033ec       0x10 arch/arm/lib/built-in.o
                0x00000000178033ec                bad_mode
 .text.show_regs
                0x00000000178033fc      0x174 arch/arm/lib/built-in.o
                0x00000000178033fc                show_regs
 .text.do_undefined_instruction
                0x0000000017803570       0x20 arch/arm/lib/built-in.o
                0x0000000017803570                do_undefined_instruction
 .text.do_software_interrupt
                0x0000000017803590       0x20 arch/arm/lib/built-in.o
                0x0000000017803590                do_software_interrupt
 .text.do_prefetch_abort
                0x00000000178035b0       0x20 arch/arm/lib/built-in.o
                0x00000000178035b0                do_prefetch_abort
 .text.do_data_abort
                0x00000000178035d0       0x20 arch/arm/lib/built-in.o
                0x00000000178035d0                do_data_abort
 .text.do_not_used
                0x00000000178035f0       0x20 arch/arm/lib/built-in.o
                0x00000000178035f0                do_not_used
 .text.do_fiq   0x0000000017803610       0x20 arch/arm/lib/built-in.o
                0x0000000017803610                do_fiq
 .text.do_irq   0x0000000017803630       0x20 arch/arm/lib/built-in.o
                0x0000000017803630                do_irq
 .text.do_reset
                0x0000000017803650       0x30 arch/arm/lib/built-in.o
                0x0000000017803650                do_reset
 .text.flush_cache
                0x0000000017803680        0x8 arch/arm/lib/built-in.o
                0x0000000017803680                flush_cache
 .text.cp_delay
                0x0000000017803688       0x30 arch/arm/lib/built-in.o
 .text.arm_init_domains
                0x00000000178036b8        0x4 arch/arm/lib/built-in.o
                0x00000000178036b8                arm_init_domains
 .text.set_section_dcache
                0x00000000178036bc       0x14 arch/arm/lib/built-in.o
                0x00000000178036bc                set_section_dcache
 .text.mmu_set_region_dcache_behaviour
                0x00000000178036d0       0x4c arch/arm/lib/built-in.o
                0x00000000178036d0                mmu_set_region_dcache_behaviour
 .text.dram_bank_mmu_setup
                0x000000001780371c       0x44 arch/arm/lib/built-in.o
                0x000000001780371c                dram_bank_mmu_setup
 .text.icache_enable
                0x0000000017803760       0x18 arch/arm/lib/built-in.o
                0x0000000017803760                icache_enable
 .text.icache_disable
                0x0000000017803778       0x20 arch/arm/lib/built-in.o
                0x0000000017803778                icache_disable
 .text.icache_status
                0x0000000017803798        0xc arch/arm/lib/built-in.o
                0x0000000017803798                icache_status
 .text.dcache_enable
                0x00000000178037a4       0x84 arch/arm/lib/built-in.o
                0x00000000178037a4                dcache_enable
 .text.dcache_disable
                0x0000000017803828       0x2c arch/arm/lib/built-in.o
                0x0000000017803828                dcache_disable
 .text.dcache_status
                0x0000000017803854        0xc arch/arm/lib/built-in.o
                0x0000000017803854                dcache_status
 .text.pfuze_mode_init
                0x0000000017803860       0xd4 board/freescale/common/built-in.o
                0x0000000017803860                pfuze_mode_init
 .text.pfuze_common_init
                0x0000000017803934      0x10c board/freescale/common/built-in.o
                0x0000000017803934                pfuze_common_init
 .text.board_late_mmc_env_init
                0x0000000017803a40       0x9c board/freescale/common/built-in.o
                0x0000000017803a40                board_late_mmc_env_init
 .text.enable_rgb
                0x0000000017803adc       0x24 board/freescale/mx6dqscm/built-in.o
 .text.enable_lvds
                0x0000000017803b00       0x1c board/freescale/mx6dqscm/built-in.o
 .text.do_enable_hdmi
                0x0000000017803b1c       0x2c board/freescale/mx6dqscm/built-in.o
 .text.dram_init
                0x0000000017803b48       0x18 board/freescale/mx6dqscm/built-in.o
                0x0000000017803b48                dram_init
 .text.dram_init_banksize
                0x0000000017803b60       0x30 board/freescale/mx6dqscm/built-in.o
                0x0000000017803b60                dram_init_banksize
 .text.board_spi_cs_gpio
                0x0000000017803b90       0x10 board/freescale/mx6dqscm/built-in.o
                0x0000000017803b90                board_spi_cs_gpio
 .text.board_mmc_get_env_dev
                0x0000000017803ba0        0x8 board/freescale/mx6dqscm/built-in.o
                0x0000000017803ba0                board_mmc_get_env_dev
 .text.mmc_map_to_kernel_blk
                0x0000000017803ba8        0x8 board/freescale/mx6dqscm/built-in.o
                0x0000000017803ba8                mmc_map_to_kernel_blk
 .text.board_mmc_getcd
                0x0000000017803bb0       0x60 board/freescale/mx6dqscm/built-in.o
                0x0000000017803bb0                board_mmc_getcd
 .text.board_mmc_init
                0x0000000017803c10       0xb8 board/freescale/mx6dqscm/built-in.o
                0x0000000017803c10                board_mmc_init
 .text.mx6_rgmii_rework
                0x0000000017803cc8       0xa0 board/freescale/mx6dqscm/built-in.o
                0x0000000017803cc8                mx6_rgmii_rework
 .text.board_phy_config
                0x0000000017803d68       0x2c board/freescale/mx6dqscm/built-in.o
                0x0000000017803d68                board_phy_config
 .text.overwrite_console
                0x0000000017803d94        0x8 board/freescale/mx6dqscm/built-in.o
                0x0000000017803d94                overwrite_console
 .text.board_eth_init
                0x0000000017803d9c       0x5c board/freescale/mx6dqscm/built-in.o
                0x0000000017803d9c                board_eth_init
 .text.board_ehci_hcd_init
                0x0000000017803df8       0x28 board/freescale/mx6dqscm/built-in.o
                0x0000000017803df8                board_ehci_hcd_init
 .text.board_ehci_power
                0x0000000017803e20       0x48 board/freescale/mx6dqscm/built-in.o
                0x0000000017803e20                board_ehci_power
 .text.board_early_init_f
                0x0000000017803e68       0x9c board/freescale/mx6dqscm/built-in.o
                0x0000000017803e68                board_early_init_f
 .text.board_init
                0x0000000017803f04       0x7c board/freescale/mx6dqscm/built-in.o
                0x0000000017803f04                board_init
 .text.power_init_board
                0x0000000017803f80      0x218 board/freescale/mx6dqscm/built-in.o
                0x0000000017803f80                power_init_board
 .text.ldo_mode_set
                0x0000000017804198      0x180 board/freescale/mx6dqscm/built-in.o
                0x0000000017804198                ldo_mode_set
 .text.board_late_init
                0x0000000017804318       0x1c board/freescale/mx6dqscm/built-in.o
                0x0000000017804318                board_late_init
 .text.checkboard
                0x0000000017804334       0x18 board/freescale/mx6dqscm/built-in.o
                0x0000000017804334                checkboard
 .text.do_go_exec
                0x000000001780434c       0x10 cmd/built-in.o
                0x000000001780434c                do_go_exec
 .text.do_go    0x000000001780435c       0x6c cmd/built-in.o
 .text.do_bootm
                0x00000000178043c8      0x10c cmd/built-in.o
                0x00000000178043c8                do_bootm
 .text.do_bootd
                0x00000000178044d4       0x20 cmd/built-in.o
                0x00000000178044d4                do_bootd
 .text.image_info
                0x00000000178044f4       0xcc cmd/built-in.o
 .text.do_iminfo
                0x00000000178045c0       0x5c cmd/built-in.o
 .text.bootm_maybe_autostart
                0x000000001780461c       0x78 cmd/built-in.o
                0x000000001780461c                bootm_maybe_autostart
 .text.do_bootz
                0x0000000017804694       0xf8 cmd/built-in.o
                0x0000000017804694                do_bootz
 .text.do_help  0x000000001780478c       0x44 cmd/built-in.o
 .text.do_version
                0x00000000178047d0       0x38 cmd/built-in.o
 .text.source   0x0000000017804808       0xd8 cmd/built-in.o
                0x0000000017804808                source
 .text.do_source
                0x00000000178048e0       0x44 cmd/built-in.o
 .text.print_num
                0x0000000017804924       0x14 cmd/built-in.o
 .text.do_bdinfo
                0x0000000017804938      0x1a4 cmd/built-in.o
 .text.parse_argv
                0x0000000017804adc       0x64 cmd/built-in.o
 .text.do_icache
                0x0000000017804b40       0x88 cmd/built-in.o
 .text.do_dcache
                0x0000000017804bc8       0x88 cmd/built-in.o
 .text.do_coninfo
                0x0000000017804c50       0xb0 cmd/built-in.o
 .text.do_echo  0x0000000017804d00       0xb0 cmd/built-in.o
 .text.load_elf_image_shdr
                0x0000000017804db0       0x8c cmd/built-in.o
 .text.valid_elf_image
                0x0000000017804e3c       0x4c cmd/built-in.o
                0x0000000017804e3c                valid_elf_image
 .text.do_bootelf
                0x0000000017804e88      0x1b0 cmd/built-in.o
                0x0000000017804e88                do_bootelf
 .text.do_bootvx
                0x0000000017805038      0x330 cmd/built-in.o
                0x0000000017805038                do_bootvx
 .text.do_exit  0x0000000017805368       0x3c cmd/built-in.o
 .text.do_ext4_size
                0x00000000178053a4       0x18 cmd/built-in.o
                0x00000000178053a4                do_ext4_size
 .text.do_ext4_load
                0x00000000178053bc       0x18 cmd/built-in.o
                0x00000000178053bc                do_ext4_load
 .text.do_ext4_ls
                0x00000000178053d4       0x18 cmd/built-in.o
                0x00000000178053d4                do_ext4_ls
 .text.do_ext4_write
                0x00000000178053ec       0x18 cmd/built-in.o
                0x00000000178053ec                do_ext4_write
 .text.do_ext2load
                0x0000000017805404       0x18 cmd/built-in.o
                0x0000000017805404                do_ext2load
 .text.do_ext2ls
                0x000000001780541c       0x18 cmd/built-in.o
 .text.do_fat_size
                0x0000000017805434       0x18 cmd/built-in.o
                0x0000000017805434                do_fat_size
 .text.do_fat_fsload
                0x000000001780544c       0x18 cmd/built-in.o
                0x000000001780544c                do_fat_fsload
 .text.do_fat_ls
                0x0000000017805464       0x18 cmd/built-in.o
 .text.do_fat_fsinfo
                0x000000001780547c       0x90 cmd/built-in.o
 .text.fdt_valid
                0x000000001780550c       0xbc cmd/built-in.o
 .text.is_printable_string
                0x00000000178055c8       0x9c cmd/built-in.o
 .text.print_data
                0x0000000017805664      0x174 cmd/built-in.o
 .text.set_working_fdt_addr
                0x00000000178057d8       0x1c cmd/built-in.o
                0x00000000178057d8                set_working_fdt_addr
 .text.do_fdt   0x00000000178057f4      0xe5c cmd/built-in.o
 .text.do_flerase
                0x0000000017806650        0x8 cmd/built-in.o
 .text.do_protect
                0x0000000017806658       0x10 cmd/built-in.o
 .text.do_flinfo
                0x0000000017806668        0x8 cmd/built-in.o
 .text.do_size_wrapper
                0x0000000017806670       0x18 cmd/built-in.o
 .text.do_load_wrapper
                0x0000000017806688       0x18 cmd/built-in.o
 .text.do_save_wrapper
                0x00000000178066a0       0x18 cmd/built-in.o
 .text.do_ls_wrapper
                0x00000000178066b8       0x18 cmd/built-in.o
 .text.do_fstype_wrapper
                0x00000000178066d0        0x4 cmd/built-in.o
 .text.strtou32
                0x00000000178066d4       0x44 cmd/built-in.o
 .text.do_fuse  0x0000000017806718      0x358 cmd/built-in.o
 .text.name_to_gpio
                0x0000000017806a70        0xc cmd/built-in.o
                0x0000000017806a70                name_to_gpio
 .text.do_gpio  0x0000000017806a7c      0x154 cmd/built-in.o
 .text.do_i2c   0x0000000017806bd0       0x68 cmd/built-in.o
 .text.do_i2c_bus_speed
                0x0000000017806c38       0x78 cmd/built-in.o
 .text.do_i2c_reset
                0x0000000017806cb0       0x2c cmd/built-in.o
 .text.do_i2c_probe
                0x0000000017806cdc       0x9c cmd/built-in.o
 .text.do_i2c_bus_num
                0x0000000017806d78       0xb8 cmd/built-in.o
 .text.do_i2c_show_bus
                0x0000000017806e30       0xd0 cmd/built-in.o
 .text.get_alen.constprop.5
                0x0000000017806f00       0x3c cmd/built-in.o
 .text.do_i2c_crc
                0x0000000017806f3c      0x120 cmd/built-in.o
 .text.mod_i2c_mem.isra.3
                0x000000001780705c      0x1f0 cmd/built-in.o
 .text.do_i2c_nm
                0x000000001780724c        0x8 cmd/built-in.o
 .text.do_i2c_mm
                0x0000000017807254        0x8 cmd/built-in.o
 .text.do_i2c_md
                0x000000001780725c      0x1e4 cmd/built-in.o
 .text.do_i2c_read
                0x0000000017807440       0xbc cmd/built-in.o
 .text.do_i2c_mw
                0x00000000178074fc       0xfc cmd/built-in.o
 .text.do_i2c_write
                0x00000000178075f8      0x14c cmd/built-in.o
 .text.do_i2c_loop
                0x0000000017807744       0xe4 cmd/built-in.o
 .text.i2c_init_board
                0x0000000017807828        0x4 cmd/built-in.o
                0x0000000017807828                i2c_init_board
 .text.evalexp  0x000000001780782c       0x78 cmd/built-in.o
 .text.evalstr  0x00000000178078a4       0x6c cmd/built-in.o
 .text.binary_test
                0x0000000017807910      0x1c0 cmd/built-in.o
 .text.do_itest
                0x0000000017807ad0       0x88 cmd/built-in.o
 .text.bin_data_init
                0x0000000017807b58       0x2c cmd/built-in.o
 .text.k_data_save
                0x0000000017807b84       0x4c cmd/built-in.o
 .text.k_data_restore
                0x0000000017807bd0       0x4c cmd/built-in.o
 .text.getcxmodem
                0x0000000017807c1c       0x20 cmd/built-in.o
 .text.load_serial_ymodem
                0x0000000017807c3c       0xcc cmd/built-in.o
 .text.bin_data_char
                0x0000000017807d08       0x2c cmd/built-in.o
 .text.chk1.constprop.1
                0x0000000017807d34       0x2c cmd/built-in.o
 .text.s1_sendpacket.constprop.2
                0x0000000017807d60       0x50 cmd/built-in.o
 .text.load_serial
                0x0000000017807db0      0x1f0 cmd/built-in.o
 .text.do_load_serial
                0x0000000017807fa0       0xdc cmd/built-in.o
 .text.do_load_serial_bin
                0x000000001780807c      0x7a4 cmd/built-in.o
 .text.do_mem_mw
                0x0000000017808820       0xc0 cmd/built-in.o
 .text.do_mem_loop
                0x00000000178088e0       0xec cmd/built-in.o
 .text.do_mem_md
                0x00000000178089cc       0xe4 cmd/built-in.o
 .text.do_mem_cmp
                0x0000000017808ab0      0x168 cmd/built-in.o
 .text.do_mem_base
                0x0000000017808c18       0x40 cmd/built-in.o
 .text.do_mem_cp
                0x0000000017808c58       0xd8 cmd/built-in.o
 .text.do_mem_crc
                0x0000000017808d30       0x48 cmd/built-in.o
 .text.do_mem_mtest
                0x0000000017808d78      0x224 cmd/built-in.o
 .text.mod_mem.isra.0
                0x0000000017808f9c      0x16c cmd/built-in.o
 .text.do_mem_mm
                0x0000000017809108        0x8 cmd/built-in.o
 .text.do_mem_nm
                0x0000000017809110        0x8 cmd/built-in.o
 .text.extract_range
                0x0000000017809118       0xe4 cmd/built-in.o
 .text.do_mii   0x00000000178091fc      0x8f0 cmd/built-in.o
 .text.do_mdio  0x0000000017809aec      0x4ec cmd/built-in.o
 .text.do_sleep
                0x0000000017809fd8       0x70 cmd/built-in.o
 .text.do_mmcops
                0x000000001780a048       0xb8 cmd/built-in.o
 .text.init_mmc_device
                0x000000001780a100       0x54 cmd/built-in.o
 .text.do_mmc_rescan
                0x000000001780a154       0x24 cmd/built-in.o
 .text.do_mmc_rst_func
                0x000000001780a178       0xa0 cmd/built-in.o
 .text.do_mmc_partconf
                0x000000001780a218       0xb4 cmd/built-in.o
 .text.do_mmc_boot_resize
                0x000000001780a2cc       0xcc cmd/built-in.o
 .text.do_mmc_bootbus
                0x000000001780a398       0xb4 cmd/built-in.o
 .text.do_mmc_hwpartition
                0x000000001780a44c      0x510 cmd/built-in.o
 .text.do_mmc_list
                0x000000001780a95c       0x14 cmd/built-in.o
 .text.do_mmc_dev
                0x000000001780a970      0x134 cmd/built-in.o
 .text.do_mmc_part
                0x000000001780aaa4       0x5c cmd/built-in.o
 .text.do_mmc_erase
                0x000000001780ab00       0xe8 cmd/built-in.o
 .text.do_mmc_write
                0x000000001780abe8      0x100 cmd/built-in.o
 .text.do_mmc_read
                0x000000001780ace8       0xec cmd/built-in.o
 .text.do_mmcinfo
                0x000000001780add4      0x370 cmd/built-in.o
 .text.do_mmc_setdsr
                0x000000001780b144       0xb0 cmd/built-in.o
 .text.cpu_cmd  0x000000001780b1f4      0x160 cmd/built-in.o
 .text.netboot_common
                0x000000001780b354      0x294 cmd/built-in.o
 .text.do_bootp
                0x000000001780b5e8        0xc cmd/built-in.o
 .text.do_dhcp  0x000000001780b5f4        0xc cmd/built-in.o
 .text.do_nfs   0x000000001780b600        0xc cmd/built-in.o
 .text.do_tftpb
                0x000000001780b60c       0x40 cmd/built-in.o
                0x000000001780b60c                do_tftpb
 .text.do_ping  0x000000001780b64c       0x78 cmd/built-in.o
 .text.bytes_per_second
                0x000000001780b6c4       0x50 cmd/built-in.o
 .text.do_spi_flash
                0x000000001780b714      0x868 cmd/built-in.o
 .text.substitute
                0x000000001780bf7c       0xf0 cmd/built-in.o
 .text.get_arg  0x000000001780c06c       0x58 cmd/built-in.o
 .text.regex_sub
                0x000000001780c0c4      0x450 cmd/built-in.o
 .text.do_setexpr
                0x000000001780c514      0x1a0 cmd/built-in.o
 .text.do_false
                0x000000001780c6b4        0x8 cmd/built-in.o
 .text.do_true  0x000000001780c6bc        0x8 cmd/built-in.o
 .text.do_test  0x000000001780c6c4      0x338 cmd/built-in.o
 .text.usb_get_class_desc
                0x000000001780c9fc       0xbc cmd/built-in.o
 .text.usb_find_device
                0x000000001780cab8       0x3c cmd/built-in.o
 .text.usb_show_tree_graph
                0x000000001780caf4      0x228 cmd/built-in.o
 .text.usb_display_class_sub
                0x000000001780cd1c      0x170 cmd/built-in.o
 .text.usb_display_string
                0x000000001780ce8c       0x44 cmd/built-in.o
 .text.usb_display_config
                0x000000001780ced0      0x20c cmd/built-in.o
 .text.do_usbboot
                0x000000001780d0dc        0xc cmd/built-in.o
 .text.usb_display_desc.part.1
                0x000000001780d0e8      0x12c cmd/built-in.o
 .text.do_usb_start
                0x000000001780d214       0x38 cmd/built-in.o
 .text.usb_show_tree
                0x000000001780d24c       0x54 cmd/built-in.o
                0x000000001780d24c                usb_show_tree
 .text.do_usb   0x000000001780d2a0      0x750 cmd/built-in.o
 .text.ums_read_sector
                0x000000001780d9f0       0x20 cmd/built-in.o
 .text.ums_write_sector
                0x000000001780da10       0x20 cmd/built-in.o
 .text.ums_fini
                0x000000001780da30       0x60 cmd/built-in.o
 .text.do_usb_mass_storage
                0x000000001780da90      0x33c cmd/built-in.o
                0x000000001780da90                do_usb_mass_storage
 .text.do_imgextract
                0x000000001780ddcc      0x290 cmd/built-in.o
 .text.do_dfu   0x000000001780e05c      0x17c cmd/built-in.o
 .text.do_env_delete
                0x000000001780e1d8       0x9c cmd/built-in.o
 .text.do_env_exists
                0x000000001780e274       0x64 cmd/built-in.o
 .text.do_env_save
                0x000000001780e2d8       0x2c cmd/built-in.o
 .text.do_env   0x000000001780e304       0x68 cmd/built-in.o
 .text.env_print
                0x000000001780e36c       0xc0 cmd/built-in.o
 .text.do_env_print
                0x000000001780e42c       0xc4 cmd/built-in.o
 .text.do_env_import
                0x000000001780e4f0      0x284 cmd/built-in.o
 .text.do_env_default
                0x000000001780e774       0xa8 cmd/built-in.o
 .text._do_env_set.isra.0
                0x000000001780e81c      0x1bc cmd/built-in.o
 .text.do_env_set
                0x000000001780e9d8       0x20 cmd/built-in.o
 .text.get_env_id
                0x000000001780e9f8       0x10 cmd/built-in.o
                0x000000001780e9f8                get_env_id
 .text.setenv   0x000000001780ea08       0x60 cmd/built-in.o
                0x000000001780ea08                setenv
 .text.setenv_ulong
                0x000000001780ea68       0x20 cmd/built-in.o
                0x000000001780ea68                setenv_ulong
 .text.setenv_hex
                0x000000001780ea88       0x34 cmd/built-in.o
                0x000000001780ea88                setenv_hex
 .text.do_env_export
                0x000000001780eabc      0x258 cmd/built-in.o
 .text.envmatch
                0x000000001780ed14       0x6c cmd/built-in.o
                0x000000001780ed14                envmatch
 .text.getenv_f
                0x000000001780ed80       0xc0 cmd/built-in.o
                0x000000001780ed80                getenv_f
 .text.getenv   0x000000001780ee40       0x78 cmd/built-in.o
                0x000000001780ee40                getenv
 .text.getenv_hex
                0x000000001780eeb8       0x3c cmd/built-in.o
                0x000000001780eeb8                getenv_hex
 .text.getenv_ulong
                0x000000001780eef4       0x30 cmd/built-in.o
                0x000000001780eef4                getenv_ulong
 .text.do_env_edit.part.2
                0x000000001780ef24       0xa4 cmd/built-in.o
 .text.do_env_edit
                0x000000001780efc8       0x2c cmd/built-in.o
 .text.common_diskboot
                0x000000001780eff4      0x234 cmd/built-in.o
                0x000000001780eff4                common_diskboot
 .text.board_init_f_alloc_reserve
                0x000000001780f228       0x10 common/built-in.o
                0x000000001780f228                board_init_f_alloc_reserve
 .text.board_init_f_init_reserve
                0x000000001780f238       0x20 common/built-in.o
                0x000000001780f238                board_init_f_init_reserve
 .text.show_boot_progress
                0x000000001780f258        0x4 common/built-in.o
                0x000000001780f258                show_boot_progress
 .text.main_loop
                0x000000001780f25c       0x20 common/built-in.o
                0x000000001780f25c                main_loop
 .text.dummy    0x000000001780f27c        0x4 common/built-in.o
 .text.get_version
                0x000000001780f280        0x8 common/built-in.o
                0x000000001780f280                get_version
 .text.jumptable_init
                0x000000001780f288      0x1e0 common/built-in.o
                0x000000001780f288                jumptable_init
 .text.hash_finish_crc32
                0x000000001780f468       0x30 common/built-in.o
 .text.hash_update_crc32
                0x000000001780f498       0x24 common/built-in.o
 .text.hash_init_crc32
                0x000000001780f4bc       0x24 common/built-in.o
 .text.hash_lookup_algo
                0x000000001780f4e0       0x28 common/built-in.o
                0x000000001780f4e0                hash_lookup_algo
 .text.hash_command
                0x000000001780f508       0xb4 common/built-in.o
                0x000000001780f508                hash_command
 .text.b_reset  0x000000001780f5bc       0x1c common/built-in.o
 .text.static_get
                0x000000001780f5d8       0x1c common/built-in.o
 .text.file_peek
                0x000000001780f5f4        0xc common/built-in.o
 .text.mapset   0x000000001780f600       0x20 common/built-in.o
 .text.syntax_err
                0x000000001780f620        0xc common/built-in.o
 .text.free_pipe_list
                0x000000001780f62c       0xf4 common/built-in.o
 .text.xmalloc  0x000000001780f720       0x20 common/built-in.o
 .text.new_pipe
                0x000000001780f740       0x28 common/built-in.o
 .text.xrealloc
                0x000000001780f768       0x20 common/built-in.o
 .text.done_command
                0x000000001780f788       0x88 common/built-in.o
 .text.done_pipe
                0x000000001780f810       0x48 common/built-in.o
 .text.done_word
                0x000000001780f858      0x2e4 common/built-in.o
 .text.do_showvar
                0x000000001780fb3c       0xf4 common/built-in.o
 .text.is_assignment
                0x000000001780fc30       0x5c common/built-in.o
 .text.file_get
                0x000000001780fc8c      0x1f0 common/built-in.o
 .text.b_addchr
                0x000000001780fe7c       0x80 common/built-in.o
 .text.b_addqchr
                0x000000001780fefc       0x50 common/built-in.o
 .text.static_peek
                0x000000001780ff4c        0xc common/built-in.o
 .text.get_local_var
                0x000000001780ff58       0xa0 common/built-in.o
                0x000000001780ff58                get_local_var
 .text.set_local_var
                0x000000001780fff8      0x1bc common/built-in.o
                0x000000001780fff8                set_local_var
 .text.insert_var_value_sub
                0x00000000178101b4      0x2c0 common/built-in.o
 .text.parse_string_outer
                0x0000000017810474       0xe4 common/built-in.o
                0x0000000017810474                parse_string_outer
 .text.run_list_real
                0x0000000017810558      0x7b8 common/built-in.o
 .text.parse_stream_outer
                0x0000000017810d10      0x6d0 common/built-in.o
 .text.parse_file_outer
                0x00000000178113e0       0x44 common/built-in.o
                0x00000000178113e0                parse_file_outer
 .text.u_boot_hush_start
                0x0000000017811424       0x54 common/built-in.o
                0x0000000017811424                u_boot_hush_start
 .text.bootdelay_process
                0x0000000017811478       0xd0 common/built-in.o
                0x0000000017811478                bootdelay_process
 .text.autoboot_command
                0x0000000017811548       0xd0 common/built-in.o
                0x0000000017811548                autoboot_command
 .text.setup_mon_len
                0x0000000017811618       0x20 common/built-in.o
 .text.reserve_round_4k
                0x0000000017811638       0x18 common/built-in.o
 .text.reserve_mmu
                0x0000000017811650       0x38 common/built-in.o
 .text.reserve_uboot
                0x0000000017811688       0x30 common/built-in.o
 .text.reserve_malloc
                0x00000000178116b8       0x18 common/built-in.o
 .text.setup_machine
                0x00000000178116d0       0x14 common/built-in.o
 .text.reserve_global_data
                0x00000000178116e4       0x1c common/built-in.o
 .text.reserve_fdt
                0x0000000017811700       0x4c common/built-in.o
 .text.initf_console_record
                0x000000001781174c        0x8 common/built-in.o
 .text.arch_cpu_init_dm
                0x0000000017811754        0x8 common/built-in.o
                0x0000000017811754                arch_cpu_init_dm
 .text.announce_dram_init
                0x000000001781175c       0x18 common/built-in.o
 .text.init_func_i2c
                0x0000000017811774       0x28 common/built-in.o
 .text.init_baud_rate
                0x000000001781179c       0x2c common/built-in.o
 .text.mark_bootstage
                0x00000000178117c8       0x14 common/built-in.o
 .text.initf_dm
                0x00000000178117dc        0x8 common/built-in.o
 .text.setup_reloc
                0x00000000178117e4       0x3c common/built-in.o
 .text.reloc_fdt
                0x0000000017811820       0x44 common/built-in.o
 .text.reserve_board
                0x0000000017811864       0x40 common/built-in.o
 .text.reserve_arch
                0x00000000178118a4        0x8 common/built-in.o
                0x00000000178118a4                reserve_arch
 .text.display_text_info
                0x00000000178118ac        0x8 common/built-in.o
 .text.reserve_trace
                0x00000000178118b4        0x8 common/built-in.o
 .text.display_new_sp
                0x00000000178118bc        0x8 common/built-in.o
 .text.coloured_LED_init
                0x00000000178118c4        0x4 common/built-in.o
                0x00000000178118c4                coloured_LED_init
 .text.red_led_on
                0x00000000178118c8        0x4 common/built-in.o
                0x00000000178118c8                red_led_on
 .text.board_add_ram_info
                0x00000000178118cc        0x4 common/built-in.o
                0x00000000178118cc                board_add_ram_info
 .text.show_dram_config
                0x00000000178118d0       0x44 common/built-in.o
 .text.setup_dram_config
                0x0000000017811914       0x10 common/built-in.o
 .text.board_get_usable_ram_top
                0x0000000017811924       0x14 common/built-in.o
                0x0000000017811924                board_get_usable_ram_top
 .text.board_reserve_ram_top
                0x0000000017811938        0x4 common/built-in.o
                0x0000000017811938                board_reserve_ram_top
 .text.setup_dest_addr
                0x000000001781193c       0x4c common/built-in.o
 .text.reserve_stacks
                0x0000000017811988       0x1c common/built-in.o
 .text.board_init_f
                0x00000000178119a4       0x28 common/built-in.o
                0x00000000178119a4                board_init_f
 .text.bootstage_relocate
                0x00000000178119cc        0x8 common/built-in.o
 .text.initr_reloc
                0x00000000178119d4       0x18 common/built-in.o
 .text.initr_reloc_global_data
                0x00000000178119ec       0x28 common/built-in.o
 .text.initr_announce
                0x0000000017811a14        0x8 common/built-in.o
 .text.run_main_loop
                0x0000000017811a1c        0xc common/built-in.o
 .text.initr_net
                0x0000000017811a28       0x1c common/built-in.o
 .text.initr_ethaddr
                0x0000000017811a44       0x20 common/built-in.o
 .text.initr_enable_interrupts
                0x0000000017811a64       0x10 common/built-in.o
 .text.initr_jumptable
                0x0000000017811a74       0x10 common/built-in.o
 .text.initr_env
                0x0000000017811a84       0x30 common/built-in.o
 .text.initr_mmc
                0x0000000017811ab4       0x20 common/built-in.o
 .text.initr_serial
                0x0000000017811ad4       0x10 common/built-in.o
 .text.initr_bootstage
                0x0000000017811ae4       0x14 common/built-in.o
 .text.initr_dm
                0x0000000017811af8       0x14 common/built-in.o
 .text.initr_malloc
                0x0000000017811b0c       0x24 common/built-in.o
 .text.initr_caches
                0x0000000017811b30       0x10 common/built-in.o
 .text.initr_console_record
                0x0000000017811b40        0x8 common/built-in.o
 .text.initr_trace
                0x0000000017811b48        0x8 common/built-in.o
 .text.initr_barrier
                0x0000000017811b50        0x8 common/built-in.o
 .text.cpu_secondary_init_r
                0x0000000017811b58        0x4 common/built-in.o
                0x0000000017811b58                cpu_secondary_init_r
 .text.initr_secondary_cpu
                0x0000000017811b5c       0x10 common/built-in.o
 .text.board_init_r
                0x0000000017811b6c       0x14 common/built-in.o
                0x0000000017811b6c                board_init_r
 .text.show_board_info
                0x0000000017811b80        0x4 common/built-in.o
                0x0000000017811b80                show_board_info
 .text.bootm_find_images
                0x0000000017811b84       0xa8 common/built-in.o
                0x0000000017811b84                bootm_find_images
 .text.bootm_decomp_image
                0x0000000017811c2c      0x14c common/built-in.o
                0x0000000017811c2c                bootm_decomp_image
 .text.bootm_disable_interrupts
                0x0000000017811d78       0x18 common/built-in.o
                0x0000000017811d78                bootm_disable_interrupts
 .text.do_bootm_states
                0x0000000017811d90      0x750 common/built-in.o
                0x0000000017811d90                do_bootm_states
 .text.copy_args
                0x00000000178124e0       0x50 common/built-in.o
 .text.do_bootm_rtems
                0x0000000017812530       0x40 common/built-in.o
 .text.do_bootm_plan9
                0x0000000017812570       0xa4 common/built-in.o
 .text.do_bootm_standalone
                0x0000000017812614       0x64 common/built-in.o
 .text.do_bootm_qnxelf
                0x0000000017812678       0x5c common/built-in.o
 .text.do_bootm_netbsd
                0x00000000178126d4       0xf8 common/built-in.o
 .text.do_bootvx_fdt
                0x00000000178127cc      0x118 common/built-in.o
                0x00000000178127cc                do_bootvx_fdt
 .text.do_bootm_vxworks
                0x00000000178128e4       0x24 common/built-in.o
 .text.boot_selected_os
                0x0000000017812908       0x58 common/built-in.o
                0x0000000017812908                boot_selected_os
 .text.bootm_os_get_boot_func
                0x0000000017812960       0x10 common/built-in.o
                0x0000000017812960                bootm_os_get_boot_func
 .text.regex_callback
                0x0000000017812970      0x134 common/built-in.o
 .text.env_attr_walk
                0x0000000017812aa4      0x128 common/built-in.o
                0x0000000017812aa4                env_attr_walk
 .text.env_attr_lookup
                0x0000000017812bcc       0x84 common/built-in.o
                0x0000000017812bcc                env_attr_lookup
 .text.clear_callback
                0x0000000017812c50       0x10 common/built-in.o
 .text.find_env_callback
                0x0000000017812c60       0x64 common/built-in.o
 .text.on_callbacks
                0x0000000017812cc4       0x50 common/built-in.o
 .text.set_callback
                0x0000000017812d14       0x98 common/built-in.o
 .text.env_callback_init
                0x0000000017812dac       0xc4 common/built-in.o
                0x0000000017812dac                env_callback_init
 .text.skip_num
                0x0000000017812e70       0x78 common/built-in.o
 .text.clear_flags
                0x0000000017812ee8       0x10 common/built-in.o
 .text.on_flags
                0x0000000017812ef8       0x50 common/built-in.o
 .text.env_flags_parse_vartype
                0x0000000017812f48       0x50 common/built-in.o
                0x0000000017812f48                env_flags_parse_vartype
 .text.env_flags_parse_varaccess
                0x0000000017812f98       0x58 common/built-in.o
                0x0000000017812f98                env_flags_parse_varaccess
 .text.set_flags
                0x0000000017812ff0       0xb0 common/built-in.o
 .text.eth_validate_ethaddr_str
                0x00000000178130a0       0x94 common/built-in.o
                0x00000000178130a0                eth_validate_ethaddr_str
 .text.env_flags_init
                0x0000000017813134       0xd8 common/built-in.o
                0x0000000017813134                env_flags_init
 .text.env_flags_validate
                0x000000001781320c      0x2b8 common/built-in.o
                0x000000001781320c                env_flags_validate
 .text.mmc_get_env_addr
                0x00000000178134c4       0x10 common/built-in.o
                0x00000000178134c4                mmc_get_env_addr
 .text.fini_mmc_for_env.isra.0
                0x00000000178134d4       0x1c common/built-in.o
 .text.env_init
                0x00000000178134f0       0x1c common/built-in.o
                0x00000000178134f0                env_init
 .text.init_mmc_for_env
                0x000000001781350c       0x78 common/built-in.o
 .text.saveenv  0x0000000017813584      0x114 common/built-in.o
                0x0000000017813584                saveenv
 .text.env_relocate_spec
                0x0000000017813698       0xe0 common/built-in.o
                0x0000000017813698                env_relocate_spec
 .text.fdt_find_and_setprop
                0x0000000017813778       0x70 common/built-in.o
                0x0000000017813778                fdt_find_and_setprop
 .text.fdt_find_or_add_subnode
                0x00000000178137e8       0x60 common/built-in.o
                0x00000000178137e8                fdt_find_or_add_subnode
 .text.fdt_root
                0x0000000017813848       0x90 common/built-in.o
                0x0000000017813848                fdt_root
 .text.fdt_initrd
                0x00000000178138d8      0x1cc common/built-in.o
                0x00000000178138d8                fdt_initrd
 .text.fdt_chosen
                0x0000000017813aa4       0xa8 common/built-in.o
                0x0000000017813aa4                fdt_chosen
 .text.do_fixup_by_path
                0x0000000017813b4c       0x54 common/built-in.o
                0x0000000017813b4c                do_fixup_by_path
 .text.fdt_fixup_memory_banks
                0x0000000017813ba0      0x1c8 common/built-in.o
                0x0000000017813ba0                fdt_fixup_memory_banks
 .text.fdt_fixup_memory
                0x0000000017813d68       0x20 common/built-in.o
                0x0000000017813d68                fdt_fixup_memory
 .text.fdt_fixup_ethernet
                0x0000000017813d88      0x174 common/built-in.o
                0x0000000017813d88                fdt_fixup_ethernet
 .text.fdt_shrink_to_minimum
                0x0000000017813efc       0xcc common/built-in.o
                0x0000000017813efc                fdt_shrink_to_minimum
 .text.miiphy_get_dev_by_name
                0x0000000017813fc8       0x60 common/built-in.o
                0x0000000017813fc8                miiphy_get_dev_by_name
 .text.miiphy_init
                0x0000000017814028       0x24 common/built-in.o
                0x0000000017814028                miiphy_init
 .text.mdio_alloc
                0x000000001781404c       0x30 common/built-in.o
                0x000000001781404c                mdio_alloc
 .text.mdio_register
                0x000000001781407c       0x94 common/built-in.o
                0x000000001781407c                mdio_register
 .text.mdio_unregister
                0x0000000017814110       0x3c common/built-in.o
                0x0000000017814110                mdio_unregister
 .text.mdio_list_devices
                0x000000001781414c       0x98 common/built-in.o
                0x000000001781414c                mdio_list_devices
 .text.miiphy_set_current_dev
                0x00000000178141e4       0x40 common/built-in.o
                0x00000000178141e4                miiphy_set_current_dev
 .text.miiphy_get_active_dev
                0x0000000017814224       0x54 common/built-in.o
 .text.mdio_get_current_dev
                0x0000000017814278       0x10 common/built-in.o
                0x0000000017814278                mdio_get_current_dev
 .text.mdio_phydev_for_ethname
                0x0000000017814288       0x88 common/built-in.o
                0x0000000017814288                mdio_phydev_for_ethname
 .text.miiphy_get_current_dev
                0x0000000017814310       0x18 common/built-in.o
                0x0000000017814310                miiphy_get_current_dev
 .text.miiphy_read
                0x0000000017814328       0x4c common/built-in.o
                0x0000000017814328                miiphy_read
 .text.miiphy_write
                0x0000000017814374       0x40 common/built-in.o
                0x0000000017814374                miiphy_write
 .text.miiphy_listdev
                0x00000000178143b4       0x74 common/built-in.o
                0x00000000178143b4                miiphy_listdev
 .text.miiphy_info
                0x0000000017814428       0x88 common/built-in.o
                0x0000000017814428                miiphy_info
 .text.miiphy_speed
                0x00000000178144b0       0x94 common/built-in.o
                0x00000000178144b0                miiphy_speed
 .text.miiphy_duplex
                0x0000000017814544       0x94 common/built-in.o
                0x0000000017814544                miiphy_duplex
 .text.miiphy_is_1000base_x
                0x00000000178145d8        0x8 common/built-in.o
                0x00000000178145d8                miiphy_is_1000base_x
 .text.usb_set_maxpacket_ep
                0x00000000178145e0       0x70 common/built-in.o
 .text.usb_stop
                0x0000000017814650       0x64 common/built-in.o
                0x0000000017814650                usb_stop
 .text.usb_disable_asynch
                0x00000000178146b4       0x20 common/built-in.o
                0x00000000178146b4                usb_disable_asynch
 .text.usb_control_msg
                0x00000000178146d4       0xc0 common/built-in.o
                0x00000000178146d4                usb_control_msg
 .text.usb_get_descriptor
                0x0000000017814794       0x58 common/built-in.o
 .text.get_descriptor_len
                0x00000000178147ec       0x90 common/built-in.o
 .text.usb_get_string
                0x000000001781487c       0x70 common/built-in.o
 .text.usb_string_sub
                0x00000000178148ec      0x108 common/built-in.o
 .text.usb_bulk_msg
                0x00000000178149f4       0x70 common/built-in.o
                0x00000000178149f4                usb_bulk_msg
 .text.usb_maxpacket
                0x0000000017814a64       0x1c common/built-in.o
                0x0000000017814a64                usb_maxpacket
 .text.usb_clear_halt
                0x0000000017814a80       0x90 common/built-in.o
                0x0000000017814a80                usb_clear_halt
 .text.usb_get_configuration_len
                0x0000000017814b10       0x74 common/built-in.o
                0x0000000017814b10                usb_get_configuration_len
 .text.usb_get_configuration_no
                0x0000000017814b84       0x34 common/built-in.o
                0x0000000017814b84                usb_get_configuration_no
 .text.usb_set_interface
                0x0000000017814bb8       0xb4 common/built-in.o
                0x0000000017814bb8                usb_set_interface
 .text.usb_string
                0x0000000017814c6c      0x100 common/built-in.o
                0x0000000017814c6c                usb_string
 .text.usb_get_dev_index
                0x0000000017814d6c       0x24 common/built-in.o
                0x0000000017814d6c                usb_get_dev_index
 .text.usb_alloc_new_device
                0x0000000017814d90       0x9c common/built-in.o
                0x0000000017814d90                usb_alloc_new_device
 .text.usb_free_device
                0x0000000017814e2c       0x48 common/built-in.o
                0x0000000017814e2c                usb_free_device
 .text.usb_alloc_device
                0x0000000017814e74        0x8 common/built-in.o
                0x0000000017814e74                usb_alloc_device
 .text.usb_select_config
                0x0000000017814e7c      0x458 common/built-in.o
                0x0000000017814e7c                usb_select_config
 .text.usb_setup_device
                0x00000000178152d4      0x19c common/built-in.o
                0x00000000178152d4                usb_setup_device
 .text.usb_new_device
                0x0000000017815470       0x34 common/built-in.o
                0x0000000017815470                usb_new_device
 .text.usb_init
                0x00000000178154a4      0x148 common/built-in.o
                0x00000000178154a4                usb_init
 .text.board_usb_init
                0x00000000178155ec        0x8 common/built-in.o
                0x00000000178155ec                board_usb_init
 .text.board_usb_cleanup
                0x00000000178155f4        0x8 common/built-in.o
                0x00000000178155f4                board_usb_cleanup
 .text.usb_device_has_child_on_port
                0x00000000178155fc       0x14 common/built-in.o
                0x00000000178155fc                usb_device_has_child_on_port
 .text.usb_find_usb2_hub_address_port
                0x0000000017815610       0x5c common/built-in.o
                0x0000000017815610                usb_find_usb2_hub_address_port
 .text.usb_set_port_feature
                0x000000001781566c       0x4c common/built-in.o
 .text.usb_clear_port_feature
                0x00000000178156b8       0x4c common/built-in.o
 .text.usb_get_hub_descriptor
                0x0000000017815704       0x4c common/built-in.o
 .text.usb_hub_power_on
                0x0000000017815750       0x6c common/built-in.o
 .text.usb_hub_reset_devices
                0x00000000178157bc        0x4 common/built-in.o
                0x00000000178157bc                usb_hub_reset_devices
 .text.usb_get_port_status
                0x00000000178157c0       0x4c common/built-in.o
                0x00000000178157c0                usb_get_port_status
 .text.usb_hub_reset
                0x000000001781580c       0x14 common/built-in.o
                0x000000001781580c                usb_hub_reset
 .text.legacy_hub_port_reset
                0x0000000017815820       0xa0 common/built-in.o
                0x0000000017815820                legacy_hub_port_reset
 .text.usb_hub_port_connect_change
                0x00000000178158c0      0x16c common/built-in.o
                0x00000000178158c0                usb_hub_port_connect_change
 .text.usb_hub_configure
                0x0000000017815a2c      0x2c8 common/built-in.o
 .text.usb_hub_probe
                0x0000000017815cf4       0x54 common/built-in.o
                0x0000000017815cf4                usb_hub_probe
 .text.usb_stor_irq
                0x0000000017815d48       0x1c common/built-in.o
 .text.usb_stor_BBB_reset
                0x0000000017815d64       0xd0 common/built-in.o
 .text.usb_stor_CB_reset
                0x0000000017815e34       0xd0 common/built-in.o
 .text.usb_stor_BBB_clear_endpt_stall.isra.0
                0x0000000017815f04       0x40 common/built-in.o
 .text.usb_stor_BBB_transport
                0x0000000017815f44      0x25c common/built-in.o
 .text.usb_stor_CB_comdat
                0x00000000178161a0      0x204 common/built-in.o
 .text.usb_stor_CBI_get_status.isra.2
                0x00000000178163a4       0xc8 common/built-in.o
 .text.usb_stor_CB_transport
                0x000000001781646c      0x228 common/built-in.o
 .text.usb_request_sense.constprop.8
                0x0000000017816694       0x70 common/built-in.o
 .text.usb_stor_read
                0x0000000017816704      0x188 common/built-in.o
 .text.usb_stor_write
                0x000000001781688c      0x188 common/built-in.o
 .text.usb_stor_get_dev
                0x0000000017816a14       0x28 common/built-in.o
                0x0000000017816a14                usb_stor_get_dev
 .text.usb_stor_info
                0x0000000017816a3c       0x74 common/built-in.o
                0x0000000017816a3c                usb_stor_info
 .text.usb_storage_probe
                0x0000000017816ab0      0x204 common/built-in.o
                0x0000000017816ab0                usb_storage_probe
 .text.usb_stor_get_info
                0x0000000017816cb4      0x31c common/built-in.o
                0x0000000017816cb4                usb_stor_get_info
 .text.usb_stor_scan
                0x0000000017816fd0      0x1f8 common/built-in.o
                0x0000000017816fd0                usb_stor_scan
 .text.splash_screen_prepare
                0x00000000178171c8        0x8 common/built-in.o
                0x00000000178171c8                splash_screen_prepare
 .text.splash_get_pos
                0x00000000178171d0       0x88 common/built-in.o
                0x00000000178171d0                splash_get_pos
 .text.env_get_char_spec
                0x0000000017817258        0xc common/built-in.o
                0x0000000017817258                env_get_char_spec
 .text.env_get_addr
                0x0000000017817264       0x20 common/built-in.o
                0x0000000017817264                env_get_addr
 .text.env_get_char_memory
                0x0000000017817284       0x10 common/built-in.o
                0x0000000017817284                env_get_char_memory
 .text.env_get_char
                0x0000000017817294       0x30 common/built-in.o
                0x0000000017817294                env_get_char
 .text.getenv_yesno
                0x00000000178172c4       0x40 common/built-in.o
                0x00000000178172c4                getenv_yesno
 .text.getenv_default
                0x0000000017817304       0x30 common/built-in.o
                0x0000000017817304                getenv_default
 .text.set_default_env
                0x0000000017817334       0xc0 common/built-in.o
                0x0000000017817334                set_default_env
 .text.set_default_vars
                0x00000000178173f4       0x38 common/built-in.o
                0x00000000178173f4                set_default_vars
 .text.env_import
                0x000000001781742c       0xdc common/built-in.o
                0x000000001781742c                env_import
 .text.env_export
                0x0000000017817508       0xa0 common/built-in.o
                0x0000000017817508                env_export
 .text.env_relocate
                0x00000000178175a8       0x2c common/built-in.o
                0x00000000178175a8                env_relocate
 .text.env_complete
                0x00000000178175d4       0xf0 common/built-in.o
                0x00000000178175d4                env_complete
 .text.console_setfile
                0x00000000178176c4       0xc0 common/built-in.o
 .text.serial_printf
                0x0000000017817784       0x44 common/built-in.o
                0x0000000017817784                serial_printf
 .text.putc     0x00000000178177c8       0x34 common/built-in.o
                0x00000000178177c8                putc
 .text.puts     0x00000000178177fc       0x34 common/built-in.o
                0x00000000178177fc                puts
 .text.fgetc    0x0000000017817830       0x24 common/built-in.o
                0x0000000017817830                fgetc
 .text.getc     0x0000000017817854       0x24 common/built-in.o
                0x0000000017817854                getc
 .text.ftstc    0x0000000017817878       0x24 common/built-in.o
                0x0000000017817878                ftstc
 .text.tstc     0x000000001781789c       0x24 common/built-in.o
                0x000000001781789c                tstc
 .text.ctrlc    0x00000000178178c0       0x58 common/built-in.o
                0x00000000178178c0                ctrlc
 .text.confirm_yesno
                0x0000000017817918       0xd4 common/built-in.o
                0x0000000017817918                confirm_yesno
 .text.had_ctrlc
                0x00000000178179ec       0x10 common/built-in.o
                0x00000000178179ec                had_ctrlc
 .text.clear_ctrlc
                0x00000000178179fc       0x14 common/built-in.o
                0x00000000178179fc                clear_ctrlc
 .text.search_device
                0x0000000017817a10       0x28 common/built-in.o
                0x0000000017817a10                search_device
 .text.console_assign
                0x0000000017817a38       0x48 common/built-in.o
                0x0000000017817a38                console_assign
 .text.on_console
                0x0000000017817a80       0xb8 common/built-in.o
 .text.console_init_f
                0x0000000017817b38       0x10 common/built-in.o
                0x0000000017817b38                console_init_f
 .text.stdio_print_current_devices
                0x0000000017817b48       0xb0 common/built-in.o
                0x0000000017817b48                stdio_print_current_devices
 .text.console_init_r
                0x0000000017817bf8      0x194 common/built-in.o
                0x0000000017817bf8                console_init_r
 .text.sbrk     0x0000000017817d8c       0x6c common/built-in.o
                0x0000000017817d8c                sbrk
 .text.mem_malloc_init
                0x0000000017817df8       0x34 common/built-in.o
                0x0000000017817df8                mem_malloc_init
 .text.malloc_trim
                0x0000000017817e2c       0xcc common/built-in.o
                0x0000000017817e2c                malloc_trim
 .text.free     0x0000000017817ef8      0x24c common/built-in.o
                0x0000000017817ef8                free
 .text.malloc   0x0000000017818144      0x628 common/built-in.o
                0x0000000017818144                malloc
 .text.calloc   0x000000001781876c      0x144 common/built-in.o
                0x000000001781876c                calloc
 .text.realloc  0x00000000178188b0      0x4e0 common/built-in.o
                0x00000000178188b0                realloc
 .text.memalign
                0x0000000017818d90      0x140 common/built-in.o
                0x0000000017818d90                memalign
 .text.initf_malloc
                0x0000000017818ed0       0x18 common/built-in.o
                0x0000000017818ed0                initf_malloc
 .text.malloc_simple
                0x0000000017818ee8       0x30 common/built-in.o
                0x0000000017818ee8                malloc_simple
 .text.on_loadaddr
                0x0000000017818f18       0x38 common/built-in.o
 .text.image_check_hcrc
                0x0000000017818f50       0x4c common/built-in.o
                0x0000000017818f50                image_check_hcrc
 .text.image_check_dcrc
                0x0000000017818f9c       0x38 common/built-in.o
                0x0000000017818f9c                image_check_dcrc
 .text.image_multi_count
                0x0000000017818fd4       0x1c common/built-in.o
                0x0000000017818fd4                image_multi_count
 .text.image_multi_getimg
                0x0000000017818ff0       0x80 common/built-in.o
                0x0000000017818ff0                image_multi_getimg
 .text.getenv_bootm_low
                0x0000000017819070       0x30 common/built-in.o
                0x0000000017819070                getenv_bootm_low
 .text.getenv_bootm_size
                0x00000000178190a0       0x68 common/built-in.o
                0x00000000178190a0                getenv_bootm_size
 .text.getenv_bootm_mapsize
                0x0000000017819108       0x30 common/built-in.o
                0x0000000017819108                getenv_bootm_mapsize
 .text.memmove_wd
                0x0000000017819138        0xc common/built-in.o
                0x0000000017819138                memmove_wd
 .text.genimg_print_size
                0x0000000017819144       0x30 common/built-in.o
                0x0000000017819144                genimg_print_size
 .text.get_table_entry
                0x0000000017819174       0x24 common/built-in.o
                0x0000000017819174                get_table_entry
 .text.get_table_entry_name
                0x0000000017819198       0x20 common/built-in.o
                0x0000000017819198                get_table_entry_name
 .text.genimg_get_os_name
                0x00000000178191b8       0x18 common/built-in.o
                0x00000000178191b8                genimg_get_os_name
 .text.genimg_get_arch_name
                0x00000000178191d0       0x18 common/built-in.o
                0x00000000178191d0                genimg_get_arch_name
 .text.genimg_get_type_name
                0x00000000178191e8       0x18 common/built-in.o
                0x00000000178191e8                genimg_get_type_name
 .text.genimg_get_comp_name
                0x0000000017819200       0x18 common/built-in.o
                0x0000000017819200                genimg_get_comp_name
 .text.image_print_contents
                0x0000000017819218      0x178 common/built-in.o
                0x0000000017819218                image_print_contents
 .text.genimg_get_kernel_addr_fit
                0x0000000017819390       0x24 common/built-in.o
                0x0000000017819390                genimg_get_kernel_addr_fit
 .text.genimg_get_format
                0x00000000178193b4       0x34 common/built-in.o
                0x00000000178193b4                genimg_get_format
 .text.genimg_get_image
                0x00000000178193e8        0x4 common/built-in.o
                0x00000000178193e8                genimg_get_image
 .text.genimg_has_config
                0x00000000178193ec        0x8 common/built-in.o
                0x00000000178193ec                genimg_has_config
 .text.boot_get_ramdisk
                0x00000000178193f4      0x274 common/built-in.o
                0x00000000178193f4                boot_get_ramdisk
 .text.boot_ramdisk_high
                0x0000000017819668      0x144 common/built-in.o
                0x0000000017819668                boot_ramdisk_high
 .text.boot_get_setup
                0x00000000178197ac        0x8 common/built-in.o
                0x00000000178197ac                boot_get_setup
 .text.image_setup_linux
                0x00000000178197b4       0x8c common/built-in.o
                0x00000000178197b4                image_setup_linux
 .text.fdt_error
                0x0000000017819840       0x2c common/built-in.o
 .text.boot_fdt_add_mem_rsv_regions
                0x000000001781986c       0x88 common/built-in.o
                0x000000001781986c                boot_fdt_add_mem_rsv_regions
 .text.boot_relocate_fdt
                0x00000000178198f4      0x198 common/built-in.o
                0x00000000178198f4                boot_relocate_fdt
 .text.boot_get_fdt
                0x0000000017819a8c      0x2ac common/built-in.o
                0x0000000017819a8c                boot_get_fdt
 .text.ft_verify_fdt
                0x0000000017819d38        0x8 common/built-in.o
                0x0000000017819d38                ft_verify_fdt
 .text.image_setup_libfdt
                0x0000000017819d40      0x100 common/built-in.o
                0x0000000017819d40                image_setup_libfdt
 .text.get_effective_memsize
                0x0000000017819e40        0x8 common/built-in.o
                0x0000000017819e40                get_effective_memsize
 .text.nulldev_putc
                0x0000000017819e48        0x4 common/built-in.o
 .text.nulldev_puts
                0x0000000017819e4c        0x4 common/built-in.o
 .text.nulldev_input
                0x0000000017819e50        0x8 common/built-in.o
 .text.stdio_serial_tstc
                0x0000000017819e58        0x4 common/built-in.o
 .text.stdio_serial_getc
                0x0000000017819e5c        0x4 common/built-in.o
 .text.stdio_serial_puts
                0x0000000017819e60        0x8 common/built-in.o
 .text.stdio_serial_putc
                0x0000000017819e68        0x8 common/built-in.o
 .text.stdio_get_list
                0x0000000017819e70        0xc common/built-in.o
                0x0000000017819e70                stdio_get_list
 .text.stdio_get_by_name
                0x0000000017819e7c       0x5c common/built-in.o
                0x0000000017819e7c                stdio_get_by_name
 .text.stdio_clone
                0x0000000017819ed8       0x38 common/built-in.o
                0x0000000017819ed8                stdio_clone
 .text.stdio_register_dev
                0x0000000017819f10       0x50 common/built-in.o
                0x0000000017819f10                stdio_register_dev
 .text.stdio_register
                0x0000000017819f60        0x8 common/built-in.o
                0x0000000017819f60                stdio_register
 .text.stdio_init_tables
                0x0000000017819f68       0x1c common/built-in.o
                0x0000000017819f68                stdio_init_tables
 .text.stdio_add_devices
                0x0000000017819f84       0xd4 common/built-in.o
                0x0000000017819f84                stdio_add_devices
 .text.run_command
                0x000000001781a058       0x10 common/built-in.o
                0x000000001781a058                run_command
 .text.run_command_list
                0x000000001781a068       0x7c common/built-in.o
                0x000000001781a068                run_command_list
 .text.do_run   0x000000001781a0e4       0x78 common/built-in.o
                0x000000001781a0e4                do_run
 .text.cli_loop
                0x000000001781a15c        0xc common/built-in.o
                0x000000001781a15c                cli_loop
 .text.cli_init
                0x000000001781a168        0x4 common/built-in.o
                0x000000001781a168                cli_init
 .text.delete_char.part.0
                0x000000001781a16c       0xd0 common/built-in.o
 .text.cread_add_char
                0x000000001781a23c       0xe8 common/built-in.o
 .text.cli_readline_into_buffer
                0x000000001781a324      0x9c0 common/built-in.o
                0x000000001781a324                cli_readline_into_buffer
 .text.cli_readline
                0x000000001781ace4       0x14 common/built-in.o
                0x000000001781ace4                cli_readline
 .text.find_cmd_tbl
                0x000000001781acf8       0xa4 common/built-in.o
                0x000000001781acf8                find_cmd_tbl
 .text.find_cmd
                0x000000001781ad9c       0x28 common/built-in.o
                0x000000001781ad9c                find_cmd
 .text.cmd_usage
                0x000000001781adc4       0x5c common/built-in.o
                0x000000001781adc4                cmd_usage
 .text._do_help
                0x000000001781ae20      0x178 common/built-in.o
                0x000000001781ae20                _do_help
 .text.var_complete
                0x000000001781af98       0x84 common/built-in.o
                0x000000001781af98                var_complete
 .text.cmd_auto_complete
                0x000000001781b01c      0x4b4 common/built-in.o
                0x000000001781b01c                cmd_auto_complete
 .text.cmd_get_data_size
                0x000000001781b4d0       0x5c common/built-in.o
                0x000000001781b4d0                cmd_get_data_size
 .text.cmd_process
                0x000000001781b52c       0xec common/built-in.o
                0x000000001781b52c                cmd_process
 .text.cmd_process_error
                0x000000001781b618       0x30 common/built-in.o
                0x000000001781b618                cmd_process_error
 .text.hex1_bin
                0x000000001781b648       0x40 common/built-in.o
 .text.hex2_bin
                0x000000001781b688       0x38 common/built-in.o
 .text.srec_decode
                0x000000001781b6c0      0x254 common/built-in.o
                0x000000001781b6c0                srec_decode
 .text.CYGACC_COMM_IF_GETC_TIMEOUT.isra.0
                0x000000001781b914       0x5c common/built-in.o
 .text.xyzModem_flush
                0x000000001781b970       0x1c common/built-in.o
 .text.xyzModem_get_hdr
                0x000000001781b98c      0x230 common/built-in.o
 .text.xyzModem_stream_open
                0x000000001781bbbc      0x224 common/built-in.o
                0x000000001781bbbc                xyzModem_stream_open
 .text.xyzModem_stream_read
                0x000000001781bde0      0x254 common/built-in.o
                0x000000001781bde0                xyzModem_stream_read
 .text.xyzModem_stream_close
                0x000000001781c034       0x54 common/built-in.o
                0x000000001781c034                xyzModem_stream_close
 .text.xyzModem_stream_terminate
                0x000000001781c088       0x94 common/built-in.o
                0x000000001781c088                xyzModem_stream_terminate
 .text.xyzModem_error
                0x000000001781c11c       0x20 common/built-in.o
                0x000000001781c11c                xyzModem_error
 .text.get_dev_hwpart
                0x000000001781c13c       0xa8 disk/built-in.o
 .text.dev_print
                0x000000001781c1e4      0x20c disk/built-in.o
                0x000000001781c1e4                dev_print
 .text.init_part
                0x000000001781c3f0       0x20 disk/built-in.o
                0x000000001781c3f0                init_part
 .text.print_part
                0x000000001781c410       0xf4 disk/built-in.o
                0x000000001781c410                print_part
 .text.get_partition_info
                0x000000001781c504       0x2c disk/built-in.o
                0x000000001781c504                get_partition_info
 .text.get_device
                0x000000001781c530      0x128 disk/built-in.o
                0x000000001781c530                get_device
 .text.get_device_and_partition
                0x000000001781c658      0x3f8 disk/built-in.o
                0x000000001781c658                get_device_and_partition
 .text.test_block_type
                0x000000001781ca50       0x84 disk/built-in.o
 .text.print_partition_extended
                0x000000001781cad4      0x274 disk/built-in.o
 .text.get_partition_info_extended.constprop.1
                0x000000001781cd48      0x2fc disk/built-in.o
 .text.test_part_dos
                0x000000001781d044       0x60 disk/built-in.o
                0x000000001781d044                test_part_dos
 .text.print_part_dos
                0x000000001781d0a4       0x34 disk/built-in.o
                0x000000001781d0a4                print_part_dos
 .text.get_partition_info_dos
                0x000000001781d0d8       0x20 disk/built-in.o
                0x000000001781d0d8                get_partition_info_dos
 .text.alloc_priv
                0x000000001781d0f8       0x48 drivers/built-in.o
 .text.device_bind
                0x000000001781d140      0x304 drivers/built-in.o
                0x000000001781d140                device_bind
 .text.device_bind_by_name
                0x000000001781d444       0x60 drivers/built-in.o
                0x000000001781d444                device_bind_by_name
 .text.device_probe
                0x000000001781d4a4      0x234 drivers/built-in.o
                0x000000001781d4a4                device_probe
 .text.dev_get_platdata
                0x000000001781d6d8       0x34 drivers/built-in.o
                0x000000001781d6d8                dev_get_platdata
 .text.dev_get_priv
                0x000000001781d70c       0x34 drivers/built-in.o
                0x000000001781d70c                dev_get_priv
 .text.lists_driver_lookup_name
                0x000000001781d740       0x4c drivers/built-in.o
                0x000000001781d740                lists_driver_lookup_name
 .text.lists_uclass_lookup
                0x000000001781d78c       0x3c drivers/built-in.o
                0x000000001781d78c                lists_uclass_lookup
 .text.lists_bind_drivers
                0x000000001781d7c8       0x88 drivers/built-in.o
                0x000000001781d7c8                lists_bind_drivers
 .text.dm_root  0x000000001781d850       0x2c drivers/built-in.o
                0x000000001781d850                dm_root
 .text.dm_init  0x000000001781d87c       0x58 drivers/built-in.o
                0x000000001781d87c                dm_init
 .text.dm_scan_platdata
                0x000000001781d8d4       0x2c drivers/built-in.o
                0x000000001781d8d4                dm_scan_platdata
 .text.dm_scan_other
                0x000000001781d900        0x8 drivers/built-in.o
                0x000000001781d900                dm_scan_other
 .text.dm_init_and_scan
                0x000000001781d908       0x30 drivers/built-in.o
                0x000000001781d908                dm_init_and_scan
 .text.uclass_find
                0x000000001781d938       0x4c drivers/built-in.o
                0x000000001781d938                uclass_find
 .text.uclass_get
                0x000000001781d984      0x124 drivers/built-in.o
                0x000000001781d984                uclass_get
 .text.uclass_find_device
                0x000000001781daa8       0x74 drivers/built-in.o
                0x000000001781daa8                uclass_find_device
 .text.uclass_find_device_by_seq
                0x000000001781db1c       0x7c drivers/built-in.o
                0x000000001781db1c                uclass_find_device_by_seq
 .text.uclass_get_device_tail
                0x000000001781db98       0x2c drivers/built-in.o
                0x000000001781db98                uclass_get_device_tail
 .text.uclass_get_device
                0x000000001781dbc4       0x30 drivers/built-in.o
                0x000000001781dbc4                uclass_get_device
 .text.uclass_bind_device
                0x000000001781dbf4       0x7c drivers/built-in.o
                0x000000001781dbf4                uclass_bind_device
 .text.uclass_unbind_device
                0x000000001781dc70       0x4c drivers/built-in.o
                0x000000001781dc70                uclass_unbind_device
 .text.uclass_resolve_seq
                0x000000001781dcbc       0xb0 drivers/built-in.o
                0x000000001781dcbc                uclass_resolve_seq
 .text.uclass_pre_probe_device
                0x000000001781dd6c       0x64 drivers/built-in.o
                0x000000001781dd6c                uclass_pre_probe_device
 .text.uclass_post_probe_device
                0x000000001781ddd0       0x20 drivers/built-in.o
                0x000000001781ddd0                uclass_post_probe_device
 .text.uclass_pre_remove_device
                0x000000001781ddf0       0x20 drivers/built-in.o
                0x000000001781ddf0                uclass_pre_remove_device
 .text.dm_warn  0x000000001781de10       0x28 drivers/built-in.o
                0x000000001781de10                dm_warn
 .text.device_free
                0x000000001781de38       0x90 drivers/built-in.o
                0x000000001781de38                device_free
 .text.device_remove
                0x000000001781dec8      0x138 drivers/built-in.o
                0x000000001781dec8                device_remove
 .text.show_devices
                0x000000001781e000       0xfc drivers/built-in.o
 .text.dm_dump_all
                0x000000001781e0fc       0x3c drivers/built-in.o
                0x000000001781e0fc                dm_dump_all
 .text.dm_dump_uclass
                0x000000001781e138       0xdc drivers/built-in.o
                0x000000001781e138                dm_dump_uclass
 .text.finish_access
                0x000000001781e214       0x2c drivers/built-in.o
 .text.setup_direct_access
                0x000000001781e240      0x118 drivers/built-in.o
 .text.prepare_access
                0x000000001781e358       0xc4 drivers/built-in.o
 .text.fuse_bank_physical
                0x000000001781e41c       0xb0 drivers/built-in.o
                0x000000001781e41c                fuse_bank_physical
 .text.fuse_word_physical
                0x000000001781e4cc       0x28 drivers/built-in.o
                0x000000001781e4cc                fuse_word_physical
 .text.fuse_read
                0x000000001781e4f4       0x80 drivers/built-in.o
                0x000000001781e4f4                fuse_read
 .text.fuse_sense
                0x000000001781e574       0x94 drivers/built-in.o
                0x000000001781e574                fuse_sense
 .text.fuse_prog
                0x000000001781e608       0x88 drivers/built-in.o
                0x000000001781e608                fuse_prog
 .text.fuse_override
                0x000000001781e690       0x78 drivers/built-in.o
                0x000000001781e690                fuse_override
 .text.dfu_write_buffer_drain
                0x000000001781e708       0xa8 drivers/built-in.o
 .text.dfu_free_buf
                0x000000001781e7b0       0x20 drivers/built-in.o
                0x000000001781e7b0                dfu_free_buf
 .text.dfu_get_buf_size
                0x000000001781e7d0       0x10 drivers/built-in.o
                0x000000001781e7d0                dfu_get_buf_size
 .text.dfu_get_buf
                0x000000001781e7e0       0xb8 drivers/built-in.o
                0x000000001781e7e0                dfu_get_buf
 .text.dfu_write_transaction_cleanup
                0x000000001781e898       0x44 drivers/built-in.o
                0x000000001781e898                dfu_write_transaction_cleanup
 .text.dfu_flush
                0x000000001781e8dc       0x64 drivers/built-in.o
                0x000000001781e8dc                dfu_flush
 .text.dfu_write
                0x000000001781e940      0x184 drivers/built-in.o
                0x000000001781e940                dfu_write
 .text.dfu_read
                0x000000001781eac4      0x26c drivers/built-in.o
                0x000000001781eac4                dfu_read
 .text.dfu_free_entities
                0x000000001781ed30       0x9c drivers/built-in.o
                0x000000001781ed30                dfu_free_entities
 .text.dfu_config_entities
                0x000000001781edcc      0x278 drivers/built-in.o
                0x000000001781edcc                dfu_config_entities
 .text.dfu_init_env_entities
                0x000000001781f044       0x90 drivers/built-in.o
                0x000000001781f044                dfu_init_env_entities
 .text.dfu_get_dev_type
                0x000000001781f0d4       0x3c drivers/built-in.o
                0x000000001781f0d4                dfu_get_dev_type
 .text.dfu_get_layout
                0x000000001781f110       0x3c drivers/built-in.o
                0x000000001781f110                dfu_get_layout
 .text.dfu_show_entities
                0x000000001781f14c       0x74 drivers/built-in.o
                0x000000001781f14c                dfu_show_entities
 .text.dfu_get_alt_number
                0x000000001781f1c0       0x10 drivers/built-in.o
                0x000000001781f1c0                dfu_get_alt_number
 .text.dfu_get_entity
                0x000000001781f1d0       0x40 drivers/built-in.o
                0x000000001781f1d0                dfu_get_entity
 .text.mmc_block_op
                0x000000001781f210      0x1e0 drivers/built-in.o
 .text.mmc_file_op
                0x000000001781f3f0      0x19c drivers/built-in.o
 .text.dfu_free_entity_mmc
                0x000000001781f58c       0x28 drivers/built-in.o
                0x000000001781f58c                dfu_free_entity_mmc
 .text.dfu_write_medium_mmc
                0x000000001781f5b4       0xb8 drivers/built-in.o
                0x000000001781f5b4                dfu_write_medium_mmc
 .text.dfu_flush_medium_mmc
                0x000000001781f66c       0x48 drivers/built-in.o
                0x000000001781f66c                dfu_flush_medium_mmc
 .text.dfu_get_medium_size_mmc
                0x000000001781f6b4       0x90 drivers/built-in.o
                0x000000001781f6b4                dfu_get_medium_size_mmc
 .text.dfu_read_medium_mmc
                0x000000001781f744       0xe4 drivers/built-in.o
                0x000000001781f744                dfu_read_medium_mmc
 .text.dfu_fill_entity_mmc
                0x000000001781f828      0x320 drivers/built-in.o
                0x000000001781f828                dfu_fill_entity_mmc
 .text.dfu_get_medium_size_sf
                0x000000001781fb48        0x8 drivers/built-in.o
 .text.dfu_read_medium_sf
                0x000000001781fb50       0x28 drivers/built-in.o
 .text.dfu_flush_medium_sf
                0x000000001781fb78        0x8 drivers/built-in.o
 .text.dfu_polltimeout_sf
                0x000000001781fb80        0x8 drivers/built-in.o
 .text.dfu_free_entity_sf
                0x000000001781fb88        0x8 drivers/built-in.o
 .text.dfu_write_medium_sf
                0x000000001781fb90       0x98 drivers/built-in.o
 .text.dfu_fill_entity_sf
                0x000000001781fc28      0x2f8 drivers/built-in.o
                0x000000001781fc28                dfu_fill_entity_sf
 .text.video_drawchars
                0x000000001781ff20      0x44c drivers/built-in.o
 .text.draw_bitmap
                0x000000001782036c       0xdc drivers/built-in.o
 .text.console_newline.constprop.2
                0x0000000017820448       0xe0 drivers/built-in.o
 .text.video_putc
                0x0000000017820528      0x194 drivers/built-in.o
 .text.video_puts
                0x00000000178206bc       0x7c drivers/built-in.o
 .text.board_cfb_skip